// Jest Snapshot v1, https://goo.gl/fbAQLP

exports[`index jsObjectAsStringToJSON should convert complex js object to json 1`] = `
"
{
  
  \\"fooBar\\": \\"baz\\",
  \\"barBaz\\": 123,
  \\"bar-baz\\": false,
  \\"alex\\": true,
  \\"alex[name=\\\\\\"double-escaped\\\\\\"]\\": {
    \\"someNested\\": [
      1,
      2,
      { \\"maxWidth\\": \\"123px\\", \\"max-height\\": \\"value\\" }
    ],
    \\"anotherNested\\": [1, 2,{}, \\"foo\\", \\"\\"],
    
    \\"fooBar\\": [1,2, false, true, \\"some-\\\\\\"string\\\\\\"\\", 3]
  },
  \\"alex[name='single-escaped']\\": false,
  \\"alex[name='single-escaped']\\": [1,2,false  ],
  \\"alex[name='single-unescaped']\\": [1,2,3,false], 
  \\"alex[name=\\\\\\"double-escaped\\\\\\"]\\": \\"some string val'ue\\",
\\"alex[name=\\\\\\"double-unescap'ed\\\\\\"]\\": \\"some string val'\\\\\\"u\\\\\\"'e\\",
  \\"alex[name=\\\\\\"double-unescaped\\\\\\"]\\": \\"some string 'value'\\"
}
      "
`;
